python : Traceback 
(most recent call 
last):
Au caractère Ligne:1 
: 1
+ python scripts/test
_upload_minio.py > 
test_output.log 2>&1
+ ~~~~~~~~~~~~~~~~~~~
~~~~~~~~~~~~~~~~~~~~~
~~~~~~~~~~~~~~~~~~
    + CategoryInfo   
           : NotSpe  
  cified: (Traceba   
 ck (most recent     
call last)::Stri    
ng) [], RemoteEx    
ception
    + FullyQualified 
   ErrorId : Native  
  CommandError
 
  File "C:\Users\DELL
\Documents\Projects\t
ontouma\scripts\test_
upload_minio.py", 
line 51, in <module>
    asyncio.run(test_
upload())
  File "C:\Python312\
Lib\asyncio\runners.p
y", line 194, in run
    return 
runner.run(main)
           
^^^^^^^^^^^^^^^^
  File "C:\Python312\
Lib\asyncio\runners.p
y", line 118, in run
    return self._loop
.run_until_complete(t
ask)
           ^^^^^^^^^^
^^^^^^^^^^^^^^^^^^^^^
^^^^
  File "C:\Python312\
Lib\asyncio\base_even
ts.py", line 687, in 
run_until_complete
    return 
future.result()
           
^^^^^^^^^^^^^^^
  File "C:\Users\DELL
\Documents\Projects\t
ontouma\scripts\test_
upload_minio.py", 
line 24, in 
test_upload
    
print(f"\U0001f680 
Uploading {filename} 
to {url}...")
  File "C:\Python312\
Lib\encodings\cp1252.
py", line 19, in 
encode
    return codecs.cha
rmap_encode(input,sel
f.errors,encoding_tab
le)[0]
           ^^^^^^^^^^
^^^^^^^^^^^^^^^^^^^^^
^^^^^^^^^^^^^^^^^^^^^
^^^
UnicodeEncodeError: 
'charmap' codec 
can't encode 
character 
'\U0001f680' in 
position 0: 
character maps to 
<undefined>
